GraphicsMagick
ModemManager
NetworkManager
NetworkManager-adsl
NetworkManager-bluetooth
NetworkManager-ppp
NetworkManager-wifi
NetworkManager-wwan
PackageKit-gstreamer-plugin
R-java
R-java-devel
ShellCheck
Thunar
aajohan-comfortaa-fonts
abattis-cantarell-fonts
abattis-cantarell-vf-fonts
abiword
abrt-cli
abrt-tui
acl
adobe-source-code-pro-fonts
adwaita-gtk2-theme
adwaita-icon-theme
age
alacritty
alltray
alsa-lib-devel
alsa-sof-firmware
alsa-tools
alsa-ucm
alsa-utils
amd-gpu-firmware
amd-ucode-firmware
anaconda
anaconda-install-env-deps
anaconda-live
ansible
arandr
argon2
arm-none-eabi-binutils-cs
arm-none-eabi-gcc-cs
arm-none-eabi-newlib
asciidoc
asunder
at
atheros-firmware
atmel-firmware
attr
audacity
audit
authselect
avr-binutils
avr-gcc
avr-libc
avrdude
aws-tools
awscli2
b43-fwcutter
b43-openfwwf
basesystem
bash
bash-color-prompt
bash-completion
bat
bc
bcrypt
beep
belluzj-fantasque-sans-mono-fonts
bind-utils
bison
bluez-cups
brasero
brcmfmac-firmware
btrfs-progs
buildah
bzip2
caja
calibre
cargo
ccze
cheese
chkconfig
chromedriver
chromium
chrony
cifs-utils
cirrus-audio-firmware
clang
clipit
clippy
cljfx-hn
cloc
colord
compat-ffmpeg4
compsize
console-image-viewer
cool-retro-term
copr-cli
coreutils
cpio
crontabs
cryptsetup
cups
cups-browsed
cups-filters
cups-pk-helper
curl
curlie
cyrus-sasl-plain
darktable
datamash
dbeaver-ce
dbus
dconf-editor
deepin-sound-theme
default-editor
default-fonts-cjk-mono
default-fonts-cjk-sans
default-fonts-cjk-serif
default-fonts-core-emoji
default-fonts-core-math
default-fonts-core-mono
default-fonts-core-sans
default-fonts-core-serif
default-fonts-other-mono
default-fonts-other-sans
default-fonts-other-serif
dejavu-sans-fonts
dejavu-sans-mono-fonts
dejavu-serif-fonts
deltarpm
delve
device-mapper-multipath
devscripts-checkbashisms
dfu-programmer
dfu-util
dhcp-client
direnv
dnf-plugins-core
dnf-utils
dnf5
dnf5-plugins
dnfdragora-updater
dnsmasq
docker-cli
domterm
dos2unix
dosfstools
dracut-config-rescue
dracut-live
dracut-network
dropbox
dropbox-api-command
dunst
e2fsprogs
ed
efibootmgr
elinks
elvish
emacs
enchant2-devel
enscript
eog
escrotum
ethtool
evince
exfatprogs
eza
fastfetch
fcoe-utils
fd-find
fedora-chromium-config
fedora-logos
feh
ffmpeg
ffmpeg-devel
file
filesystem
fira-code-fonts
firefox
firewall-config
firewalld
fontawesome4-fonts
fontconfig-font-replacements
fortune-mod
fpaste
fros-recordmydesktop
fswatch
fwupd
fzf
galculator
gatotray
gdbm-devel
gfs2-utils
gh
ghc-ShellCheck
ghostscript
ghostscript-tools-fontutils
ghostscript-tools-printing
gigolo
gimp
git
git-extras
glibc
glibc-all-langpacks
glx-utils
gnome-disk-utility
gnome-icon-theme
gnome-keyring-pam
gnome-network-displays
gnome-settings-daemon
gnome-terminal
gnome-typer
gnu-free-sans-fonts
gnumeric
gnupg2
gnuplot
godotenv
golang
golang-godoc
golang-misc
google-arimo-fonts
google-carlito-fonts
google-chrome-stable
google-cousine-fonts
google-crosextra-caladea-fonts
google-droid-sans-fonts
google-noto-color-emoji-fonts
google-noto-naskh-arabic-vf-fonts
google-noto-sans-cjk-vf-fonts
google-noto-sans-gurmukhi-fonts
google-noto-sans-gurmukhi-vf-fonts
google-noto-sans-math-fonts
google-noto-sans-sinhala-vf-fonts
google-roboto-fonts
google-tinos-fonts
gopls
gotags
gpgme-devel
gphoto2
gphotofs
gpicview
grc
grub2-efi-ia32
grub2-efi-ia32-cdboot
grub2-efi-x64
grub2-efi-x64-cdboot
grub2-pc
grub2-tools
grub2-tools-efi
grub2-tools-extra
grubby
gstreamer1-plugin-dav1d
gstreamer1-plugin-libav
gstreamer1-plugin-openh264
gstreamer1-plugins-bad-free
gstreamer1-plugins-bad-freeworld
gstreamer1-plugins-good
gstreamer1-plugins-ugly
gstreamer1-plugins-ugly-free
gthumb
gtk2-devel
gtk2-immodule-xim
gtk3-devel
gtk3-immodule-xim
guestfs-tools
gutenprint
gutenprint-cups
gvolwheel
hddtemp
hdparm
hfsplus-tools
hidapi
hostname
htop
hunspell
hyperv-daemons
i3
i3status
ibus-cangjie-engine-cangjie
ibus-chewing
ibus-gtk2
ibus-gtk3
ibus-gtk4
ibus-hangul
ibus-kkc
ibus-libpinyin
ibus-libzhuyin
ibus-m17n
idid
im-chooser
imsettings
imsettings-gsettings
imsettings-lxde
initial-setup
initial-setup-gui
initscripts
inkscape
inotify-tools
intel-audio-firmware
intel-gpu-firmware
intel-media-driver
inxi
iosevka-fixed-fonts
iosevka-fixed-slab-fonts
iosevka-slab-fonts
iosevka-term-curly-fonts
iosevka-term-curly-slab-fonts
iosevka-term-fonts
iosevka-term-slab-fonts
iproute
iptables-nft
iptstate
iputils
ipw2100-firmware
ipw2200-firmware
irqbalance
iscsi-initiator-utils
ituomi-hasklig-fonts
iwlegacy-firmware
iwlwifi-dvm-firmware
iwlwifi-mvm-firmware
jansi
java-latest-openjdk
java-latest-openjdk-devel
jgmenu
jomolhari-fonts
julietaula-montserrat-fonts
just
jwhois
kbd
kbd-legacy
kdocker
kdump-anaconda-addon
keepassxc
kernel
kernel-core
kernel-devel
kernel-modules
kernel-modules-core
kernel-modules-extra
kexec-tools
keychain
khmer-os-content-fonts
khmer-os-system-fonts
kitty
konsole
kpcli
kphotoalbum
langpacks-en
lato-fonts
leafpad
lefthook
less
libRmath-devel
libXScrnSaver-devel
libXrandr-devel
libXxf86vm-devel
libatomic-static
libayatana-appindicator-gtk3-devel
libdbusmenu-devel
libdbusmenu-gtk3-devel
libdbusmenu-tools
libecpg
libecpg-devel
liberation-mono-fonts
liberation-sans-fonts
liberation-serif-fonts
libertas-firmware
libnotify-devel
libreoffice
libreoffice-data
libreoffice-opensymbol-fonts
libreoffice-ure-common
libtool
libva-intel-driver
libva-intel-media-driver
libvala-devel
libvirt-daemon-config-network
libvirt-daemon-kvm
libxdg-basedir-devel
libyaml-devel
linux-libertine-biolinum-fonts
linux-libertine-fonts
litecli
logrotate
lohit-assamese-fonts
lohit-bengali-fonts
lohit-devanagari-fonts
lohit-gujarati-fonts
lohit-kannada-fonts
lohit-odia-fonts
lohit-tamil-fonts
lohit-telugu-fonts
lrzsz
lshw-gui
lsof
lsscsi
lvm2
lxappearance
lxappearance-obconf
lxde-common
lxde-icon-theme
lxdm
lxinput
lxlauncher
lxmenu-data
lxmusic
lxnm
lxpanel
lxpolkit
lxrandr
lxsession
lxsession-edit
lxtask
lxterminal
mactel-boot
madan-fonts
mailcap
man-db
man-pages
mariadb
mariadb-common
mariadb-connector-odbc
mariadb-errmsg
mariadb-server
mate-control-center
mate-terminal
maven
mcelog
mdadm
mdevctl
meld
memtest86+
mesa-dri-drivers
mesa-libGL-devel
mesa-vulkan-drivers
meslo-lg-fonts
metacity
microcode_ctl
midori
miller
minicom
mkdocs-material
mousetweaks
mozilla-fira-fonts-common
mozilla-fira-mono-fonts
mozilla-fira-sans-fonts
mt7xxx-firmware
mtr
mupdf
musl-gcc
nano
nano-default-editor
nautilus
ncurses
ncurses-devel
net-tools
network-manager-applet
nfs-utils
nginx
ninja-build
nm-connection-editor
nmap-ncat
nodejs-npm
notification-daemon
nprokopov-fira-code-fonts
nss-mdns
ntfs-3g
ntfsprogs
nu-utils
nushell
nvidia-gpu-firmware
nvme-cli
nxpwireless-firmware
oathtool
obconf
oil
opam
open-sans-fonts
open-vm-tools-desktop
openbox
opensc
openssh-askpass
openssh-clients
openssh-server
osmo
oxygen-sounds
paktype-naskh-basic-fonts
pam-u2f
pam_yubico
pamu2fcfg
pandoc
pango-devel
paps
parcellite
parted
pass
passwdqc
pasystray
pavucontrol
pciutils
pcmanfm
pcre2-tools
pcsc-lite
pcsc-lite-ccid
pcsc-lite-devel
pcsc-tools
perl-File-MimeInfo
pgp-tools
pidgin
pinfo
pipewire-alsa
pipewire-gstreamer
pipewire-pulseaudio
pipewire-utils
plocate
plotdrop
plymouth
plymouth-system-theme
podman
podman-compose
poetry
policycoreutils
polybar
pop-sound-theme
postgresql
postgresql-contrib
postgresql-server
postgresql-upgrade
ppp
prefixdevname
procps-ng
psacct
pt-sans-fonts
pulseaudio-utils
pv
pwgen
python3-csvkit
python3-devel
python3-libguestfs
python3-zeroconf
qemu-guest-agent
qemu-kvm
qrencode
qt5-qtwebengine-freeworld
quearcode
quota
rabbitmq-server
rbenv
rbjornera-victor-mono-fonts
rbw
rclone
readline-devel
realmd
realtek-firmware
recoll
reiserfs-utils
remote_syslog2
ringcentral
ringcentral-embeddable-voice-app
ripgrep
rit-meera-new-fonts
rit-rachana-fonts
rlwrap
rng-tools
rofi
rootfiles
rpm
rpm-ostree
rpmdevtools
rpmfusion-free-appstream-data
rpmfusion-free-release
rpmfusion-nonfree-appstream-data
rpmfusion-nonfree-release
rpmsphere-release
rsync
rsyslog
ruby
ruby-devel
rubygem-asciidoctor
rubygem-asciidoctor-pdf
rubygem-rake
samba-client
screenkey
scrot
seahorse
secure-delete
selinux-policy-targeted
setup
shadow-utils
shim-ia32
shim-x64
shotwell
shutter
sil-abyssinica-fonts
sil-mingzat-fonts
sil-nuosu-fonts
sil-padauk-fonts
simplescreenrecorder
smartmontools
snapd
sos
sox
spice-vdagent
spice-webdavd
sqlcipher
sqlite-devel
sqlite-tools
sqliteman
sssd
sssd-common
sssd-kcm
sssd-proxy
strace
sudo
sylpheed
symlinks
syncthing
syncthing-tools
syslinux
syslinux-extlinux
system-config-printer
system-config-printer-udev
systemd
systemd-oomd-defaults
systemd-resolved
systemd-sysusers
systemd-udev
tar
tcpdump
teamd
telnet
tesseract-devel
texlive-collection-plaingeneric
texlive-fira
texlive-firamath
texlive-firamath-otf
texlive-lstfiracode
the_silver_searcher
thefuck
tig
time
timg
tiwilink-firmware
tldr
tlp
tlwg-waree-fonts
tomcli
traceroute
transmission
tree
trezor-bridge
trezor-common
ttyd
unzip
upower
upx
urlencode
urw-base35-bookman-fonts
urw-base35-c059-fonts
urw-base35-d050000l-fonts
urw-base35-fonts
urw-base35-gothic-fonts
urw-base35-nimbus-mono-ps-fonts
urw-base35-nimbus-roman-fonts
urw-base35-nimbus-sans-fonts
urw-base35-p052-fonts
urw-base35-standard-symbols-ps-fonts
urw-base35-z003-fonts
usb_modeswitch
usbutils
util-linux
vala
valkey-compat-redis
vazirmatn-vf-fonts
veracrypt
vim-minimal
virt-install
virt-manager
virt-top
virt-viewer
virtualbox-guest-additions
vlc
volumeicon
wget2-wget
which
whois
wireplumber
wofi
words
wpa_supplicant
wxsqlite3
wxsqlite3-devel
xarchiver
xautolock
xbacklight
xclip
xdg-user-dirs-gtk
xdpyinfo
xev
xfce4-power-manager
xfce4-settings
xfsprogs
xlsatoms
xlsclients
xlsfonts
xmms2-freeworld
xonsh
xorg-x11-drv-amdgpu
xorg-x11-drv-ati
xorg-x11-drv-evdev
xorg-x11-drv-intel
xorg-x11-drv-libinput
xorg-x11-drv-nouveau
xorg-x11-drv-openchrome
xorg-x11-drv-qxl
xorg-x11-drv-vmware
xorg-x11-drv-wacom
xorg-x11-server-Xorg
xorg-x11-xauth
xorg-x11-xinit
xpad
xprop
xscreensaver-base
xterm
xvinfo
xwininfo
yad
yarnpkg
yaru-sound-theme
yq
yubico-piv-tool
yubikey-manager
yubikey-personalization-gui
zbar
zd1211-firmware
zip
zlib-ng-devel
zoom
zram-generator-defaults
zsh
